// Jest Snapshot v1, https://goo.gl/fbAQLP

exports[`SearchPage renders 1`] = `
{
  "asFragment": [Function],
  "baseElement": <body>
    <div>
      <div
        class="container"
      >
        <header
          class="container header"
        >
          <h1
            class="title"
          >
            Stocks
          </h1>
        </header>
        <main
          class="mainContent"
        >
          <div
            class="container"
          >
            <input
              class="input"
              type="text"
              value="asd"
            />
          </div>
          <div
            class="results"
          >
            <div
              class="container"
            >
              <div
                class="symbol"
              >
                IBM
              </div>
              <div
                class="name"
              >
                Lorem ipsum dolores whatever salalala
              </div>
            </div>
            <div
              class="container"
            >
              <div
                class="symbol"
              >
                AAPL
              </div>
              <div
                class="name"
              >
                Lorem ipsum dolores whatever salalala
              </div>
            </div>
            <div
              class="container"
            >
              <div
                class="symbol"
              >
                ASD
              </div>
              <div
                class="name"
              >
                Lorem ipsum dolores whatever salalala
              </div>
            </div>
            <div
              class="container"
            >
              <div
                class="symbol"
              >
                QWE
              </div>
              <div
                class="name"
              >
                Lorem ipsum dolores whatever salalala
              </div>
            </div>
          </div>
        </main>
        <footer
          class="container footer"
        />
      </div>
    </div>
  </body>,
  "container": <div>
    <div
      class="container"
    >
      <header
        class="container header"
      >
        <h1
          class="title"
        >
          Stocks
        </h1>
      </header>
      <main
        class="mainContent"
      >
        <div
          class="container"
        >
          <input
            class="input"
            type="text"
            value="asd"
          />
        </div>
        <div
          class="results"
        >
          <div
            class="container"
          >
            <div
              class="symbol"
            >
              IBM
            </div>
            <div
              class="name"
            >
              Lorem ipsum dolores whatever salalala
            </div>
          </div>
          <div
            class="container"
          >
            <div
              class="symbol"
            >
              AAPL
            </div>
            <div
              class="name"
            >
              Lorem ipsum dolores whatever salalala
            </div>
          </div>
          <div
            class="container"
          >
            <div
              class="symbol"
            >
              ASD
            </div>
            <div
              class="name"
            >
              Lorem ipsum dolores whatever salalala
            </div>
          </div>
          <div
            class="container"
          >
            <div
              class="symbol"
            >
              QWE
            </div>
            <div
              class="name"
            >
              Lorem ipsum dolores whatever salalala
            </div>
          </div>
        </div>
      </main>
      <footer
        class="container footer"
      />
    </div>
  </div>,
  "debug": [Function],
  "findAllByAltText": [Function],
  "findAllByDisplayValue": [Function],
  "findAllByLabelText": [Function],
  "findAllByPlaceholderText": [Function],
  "findAllByRole": [Function],
  "findAllByTestId": [Function],
  "findAllByText": [Function],
  "findAllByTitle": [Function],
  "findByAltText": [Function],
  "findByDisplayValue": [Function],
  "findByLabelText": [Function],
  "findByPlaceholderText": [Function],
  "findByRole": [Function],
  "findByTestId": [Function],
  "findByText": [Function],
  "findByTitle": [Function],
  "getAllByAltText": [Function],
  "getAllByDisplayValue": [Function],
  "getAllByLabelText": [Function],
  "getAllByPlaceholderText": [Function],
  "getAllByRole": [Function],
  "getAllByTestId": [Function],
  "getAllByText": [Function],
  "getAllByTitle": [Function],
  "getByAltText": [Function],
  "getByDisplayValue": [Function],
  "getByLabelText": [Function],
  "getByPlaceholderText": [Function],
  "getByRole": [Function],
  "getByTestId": [Function],
  "getByText": [Function],
  "getByTitle": [Function],
  "queryAllByAltText": [Function],
  "queryAllByDisplayValue": [Function],
  "queryAllByLabelText": [Function],
  "queryAllByPlaceholderText": [Function],
  "queryAllByRole": [Function],
  "queryAllByTestId": [Function],
  "queryAllByText": [Function],
  "queryAllByTitle": [Function],
  "queryByAltText": [Function],
  "queryByDisplayValue": [Function],
  "queryByLabelText": [Function],
  "queryByPlaceholderText": [Function],
  "queryByRole": [Function],
  "queryByTestId": [Function],
  "queryByText": [Function],
  "queryByTitle": [Function],
  "rerender": [Function],
  "unmount": [Function],
}
`;
